// Jest Snapshot v1, https://goo.gl/fbAQLP

exports[`App renders correctly 1`] = `
Array [
  <div
    className="buttonPanel"
  >
    <div
      className="buttonsrow"
    >
      <div>
        <button
          onClick={[Function]}
          type="button"
        >
          AC
        </button>
      </div>
      <div>
        <button
          onClick={[Function]}
          type="button"
        >
          +/-
        </button>
      </div>
      <div>
        <button
          onClick={[Function]}
          type="button"
        >
          %
        </button>
      </div>
      <div>
        <button
          onClick={[Function]}
          type="button"
        >
          รท
        </button>
      </div>
    </div>
    <div
      className="buttonsrow"
    >
      <div>
        <button
          onClick={[Function]}
          type="button"
        >
          7
        </button>
      </div>
      <div>
        <button
          onClick={[Function]}
          type="button"
        >
          8
        </button>
      </div>
      <div>
        <button
          onClick={[Function]}
          type="button"
        >
          9
        </button>
      </div>
      <div>
        <button
          onClick={[Function]}
          type="button"
        >
          X
        </button>
      </div>
    </div>
    <div
      className="buttonsrow"
    >
      <div>
        <button
          onClick={[Function]}
          type="button"
        >
          -
        </button>
      </div>
      <div>
        <button
          onClick={[Function]}
          type="button"
        >
          4
        </button>
      </div>
      <div>
        <button
          onClick={[Function]}
          type="button"
        >
          5
        </button>
      </div>
      <div>
        <button
          onClick={[Function]}
          type="button"
        >
          6
        </button>
      </div>
    </div>
    <div
      className="buttonsrow"
    >
      <div>
        <button
          onClick={[Function]}
          type="button"
        >
          1
        </button>
      </div>
      <div>
        <button
          onClick={[Function]}
          type="button"
        >
          2
        </button>
      </div>
      <div>
        <button
          onClick={[Function]}
          type="button"
        >
          3
        </button>
      </div>
      <div>
        <button
          onClick={[Function]}
          type="button"
        >
          +
        </button>
      </div>
    </div>
    <div
      className="buttonsrow"
    >
      <div>
        <button
          onClick={[Function]}
          type="button"
        >
          0
        </button>
      </div>
      <div>
        <button
          onClick={[Function]}
          type="button"
        >
          .
        </button>
      </div>
      <div>
        <button
          onClick={[Function]}
          type="button"
        >
          =
        </button>
      </div>
    </div>
  </div>,
  <div>
    <h3>
      0
    </h3>
  </div>,
]
`;
